// Jest Snapshot v1, https://goo.gl/fbAQLP

exports[`<App /> renders correctly 1`] = `
<RNCSafeAreaProvider
  onInsetsChange={[Function]}
  style={
    [
      {
        "flex": 1,
      },
      undefined,
    ]
  }
>
  <RNSScreenStack
    style={
      {
        "flex": 1,
      }
    }
  >
    <RNSScreen
      collapsable={false}
      forwardedRef={[Function]}
      gestureResponseDistance={
        {
          "bottom": -1,
          "end": -1,
          "start": -1,
          "top": -1,
        }
      }
      nativeBackButtonDismissalEnabled={false}
      onAppear={[Function]}
      onDisappear={[Function]}
      onDismissed={[Function]}
      onHeaderBackButtonClicked={[Function]}
      onNativeDismissCancelled={[Function]}
      onTransitionProgress={[Function]}
      onWillDisappear={[Function]}
      replaceAnimation="push"
      stackPresentation="push"
      style={
        {
          "bottom": 0,
          "left": 0,
          "position": "absolute",
          "right": 0,
          "top": 0,
        }
      }
      swipeDirection="horizontal"
    >
      <RNSScreenStackHeaderConfig
        backButtonInCustomView={false}
        backgroundColor="rgb(255, 255, 255)"
        color="rgb(0, 122, 255)"
        direction="ltr"
        disableBackButtonMenu={false}
        hidden={false}
        hideBackButton={false}
        largeTitleHideShadow={false}
        title="Login"
        titleColor="rgb(28, 28, 30)"
        topInsetEnabled={false}
        translucent={false}
      />
      <View
        style={
          {
            "flex": 1,
            "flexDirection": "column-reverse",
          }
        }
      >
        <View
          style={
            [
              {
                "flex": 1,
              },
              {
                "backgroundColor": "rgb(242, 242, 242)",
              },
              undefined,
            ]
          }
        >
          <View
            style={
              {
                "alignItems": "center",
                "backgroundColor": "#fff",
                "flex": 1,
                "justifyContent": "center",
              }
            }
          >
            <View
              style={
                {
                  "alignItems": "flex-start",
                  "backgroundColor": "skyblue",
                  "bottom": 50,
                  "height": 45,
                  "marginTop": 20,
                  "position": "relative",
                  "width": "70%",
                }
              }
            >
              <TextInput
                onChangeText={[Function]}
                placeholder="Enter Email ID"
                placeholderTextColor="white"
                style={
                  {
                    "flex": 1,
                    "height": 50,
                    "marginLeft": 20,
                    "padding": 10,
                  }
                }
              />
            </View>
            <View
              style={
                {
                  "alignItems": "flex-start",
                  "backgroundColor": "skyblue",
                  "bottom": 50,
                  "height": 45,
                  "marginTop": 20,
                  "position": "relative",
                  "width": "70%",
                }
              }
            >
              <TextInput
                onChangeText={[Function]}
                placeholder="Enter Password."
                placeholderTextColor="white"
                secureTextEntry={true}
                style={
                  {
                    "flex": 1,
                    "height": 50,
                    "marginLeft": 20,
                    "padding": 10,
                  }
                }
              />
            </View>
            <View
              accessible={true}
              collapsable={false}
              focusable={true}
              onClick={[Function]}
              onResponderGrant={[Function]}
              onResponderMove={[Function]}
              onResponderRelease={[Function]}
              onResponderTerminate={[Function]}
              onResponderTerminationRequest={[Function]}
              onStartShouldSetResponder={[Function]}
              style={
                {
                  "alignItems": "center",
                  "backgroundColor": "#1a73e8",
                  "borderRadius": 25,
                  "height": 50,
                  "justifyContent": "center",
                  "marginTop": 10,
                  "opacity": 1,
                  "position": "relative",
                  "top": 20,
                  "width": "80%",
                }
              }
            >
              <Text
                style={
                  {
                    "color": "white",
                    "fontSize": 12,
                    "fontWeight": "bold",
                  }
                }
              >
                Login
              </Text>
            </View>
            <View
              accessible={true}
              collapsable={false}
              focusable={true}
              onClick={[Function]}
              onResponderGrant={[Function]}
              onResponderMove={[Function]}
              onResponderRelease={[Function]}
              onResponderTerminate={[Function]}
              onResponderTerminationRequest={[Function]}
              onStartShouldSetResponder={[Function]}
              style={
                {
                  "alignItems": "center",
                  "alignSelf": "center",
                  "backgroundColor": "orange",
                  "borderRadius": 25,
                  "height": 50,
                  "justifyContent": "center",
                  "marginTop": 10,
                  "opacity": 1,
                  "position": "relative",
                  "top": 20,
                  "width": "80%",
                }
              }
            >
              <Text
                style={
                  {
                    "color": "white",
                    "fontSize": 12,
                    "fontWeight": "bold",
                  }
                }
              >
                Register
              </Text>
            </View>
          </View>
        </View>
      </View>
    </RNSScreen>
  </RNSScreenStack>
</RNCSafeAreaProvider>
`;
